
============================================================
📅 Generated: 2026-05-04 07:12 IST
Date: 2024-07-07
Festivals: none

── MAIN TWEET ──
🙏 ଜୟ ଜଗନ୍ନାଥ 🙏
🌸 ଓଡ଼ିଆ ପଞ୍ଜିକା | 7 ଜୁଲାଇ 2024
📅 ଆଷାଢ଼ ଶୁକ୍ଳ ଦ୍ୱିତୀୟା
⭐ ଆଶ୍ଲେଷା | ରବିବାର | ବ୍ୟତୀପାତ ଯୋଗ
🌅 ସୂର୍ଯ୍ୟୋଦୟ 05:13 | 🌇 ଅସ୍ତ 18:35
⏰ ରାହୁ କାଳ: 16:55-18:35
✨ ଅଭିଜିତ: 11:54-12:44
#OdiaPanjika #Jagannath #Odisha
[214 chars]

── THREAD REPLY ──
🛕 ଜଗନ୍ନାଥ ମହାପ୍ରଭୁଙ୍କ ଆଶୀର୍ବାଦରେ ଆଜିର ଦିନ ଶୁଭ
[45 chars]

============================================================
📅 Generated: 2026-05-04 16:15 IST
Date: 2026-05-04
Festivals: none

── MAIN TWEET ──
🙏 ଜୟ ଜଗନ୍ନାଥ 🙏
🌸 ଓଡ଼ିଆ ପଞ୍ଜିକା | 4 ମଇ 2026
📅 ଚୈତ୍ର କୃଷ୍ଣ ତୃତୀୟା
⭐ ଅନୁରାଧା | ସୋମବାର | ପରିଘ ଯୋଗ
🌅 ସୂର୍ଯ୍ୟୋଦୟ 05:16 | 🌇 ଅସ୍ତ 18:11
⏰ ରାହୁ କାଳ: 06:52–08:29
✨ ଅଭିଜିତ: 11:17–12:09
#OdiaPanjika #Jagannath #Odisha
[205 chars]

── THREAD REPLY ──
🛕 Shiva temples in Puri are especially active. Lingaraj is worshipped.
[70 chars]

============================================================
📅 Generated: 2026-05-04 16:20 IST
Date: 2026-05-04
Festivals: none

── MAIN TWEET ──
🙏 ଜୟ ଜଗନ୍ନାଥ 🙏
🌸 ଓଡ଼ିଆ ପଞ୍ଜିକା | 4 ମଇ 2026
📅 ଚୈତ୍ର କୃଷ୍ଣ ତୃତୀୟା
⭐ ଅନୁରାଧା | ସୋମବାର | ପରିଘ ଯୋଗ
🌅 ସୂର୍ଯ୍ୟୋଦୟ 05:16 | 🌇 ଅସ୍ତ 18:11
⏰ ରାହୁ କାଳ: 06:52–08:29
✨ ଅଭିଜିତ: 11:17–12:09
#OdiaPanjika #Jagannath #Odisha
[205 chars]

── THREAD REPLY ──
🛕 Shiva temples in Puri are especially active. Lingaraj is worshipped.
[70 chars]

============================================================
📅 Generated: 2026-05-04 16:20 IST
Date: 2026-05-04
Festivals: none

── MAIN TWEET ──
🙏 ଜୟ ଜଗନ୍ନାଥ 🙏
🌸 ଓଡ଼ିଆ ପଞ୍ଜିକା | 4 ମଇ 2026
📅 ଚୈତ୍ର କୃଷ୍ଣ ତୃତୀୟା
⭐ ଅନୁରାଧା | ସୋମବାର | ପରିଘ ଯୋଗ
🌅 ସୂର୍ଯ୍ୟୋଦୟ 05:16 | 🌇 ଅସ୍ତ 18:11
⏰ ରାହୁ କାଳ: 06:52–08:29
✨ ଅଭିଜିତ: 11:17–12:09
#OdiaPanjika #Jagannath #Odisha
[205 chars]

── THREAD REPLY ──
🛕 Shiva temples in Puri are especially active. Lingaraj is worshipped.
[70 chars]

============================================================
📅 Generated: 2026-05-04 16:22 IST
Date: 2026-05-04
Festivals: none

── MAIN TWEET ──
🙏 ଜୟ ଜଗନ୍ନାଥ 🙏
🌸 ଓଡ଼ିଆ ପଞ୍ଜିକା | 4 ମଇ 2026
📅 ଚୈତ୍ର କୃଷ୍ଣ ତୃତୀୟା
⭐ ଅନୁରାଧା | ସୋମବାର | ପରିଘ ଯୋଗ
🌅 ସୂର୍ଯ୍ୟୋଦୟ 05:16 | 🌇 ଅସ୍ତ 18:11
⏰ ରାହୁ କାଳ: 06:52–08:29
✨ ଅଭିଜିତ: 11:17–12:09
#OdiaPanjika #Jagannath #Odisha
[205 chars]

── THREAD REPLY ──
🛕 Shiva temples in Puri are especially active. Lingaraj is worshipped.
[70 chars]

============================================================
📅 Generated: 2026-05-04 16:23 IST
Date: 2026-05-04
Festivals: none

── MAIN TWEET ──
🙏 ଜୟ ଜଗନ୍ନାଥ 🙏
🌸 ଓଡ଼ିଆ ପଞ୍ଜିକା | 4 ମଇ 2026
📅 ଚୈତ୍ର କୃଷ୍ଣ ତୃତୀୟା
⭐ ଅନୁରାଧା | ସୋମବାର | ପରିଘ ଯୋଗ
🌅 ସୂର୍ଯ୍ୟୋଦୟ 05:16 | 🌇 ଅସ୍ତ 18:11
⏰ ରାହୁ କାଳ: 06:52–08:29
✨ ଅଭିଜିତ: 11:17–12:09
#OdiaPanjika #Jagannath #Odisha
[205 chars]

── THREAD REPLY ──
🛕 Shiva temples in Puri are especially active. Lingaraj is worshipped.
[70 chars]

============================================================
📅 Generated: 2026-05-04 16:24 IST
Date: 2026-05-04
Festivals: none

── MAIN TWEET ──
🙏 ଜୟ ଜଗନ୍ନାଥ 🙏
🌸 ଓଡ଼ିଆ ପଞ୍ଜିକା | 4 ମଇ 2026
📅 ଚୈତ୍ର କୃଷ୍ଣ ତୃତୀୟା
⭐ ଅନୁରାଧା | ସୋମବାର | ପରିଘ ଯୋଗ
🌅 ସୂର୍ଯ୍ୟୋଦୟ 05:16 | 🌇 ଅସ୍ତ 18:11
⏰ ରାହୁ କାଳ: 06:52–08:29
✨ ଅଭିଜିତ: 11:17–12:09
#OdiaPanjika #Jagannath #Odisha
[205 chars]

── THREAD REPLY ──
🛕 Shiva temples in Puri are especially active. Lingaraj is worshipped.
[70 chars]

============================================================
📅 Generated: 2026-05-04 16:26 IST
Date: 2026-05-04
Festivals: none

── MAIN TWEET ──
🙏 ଜୟ ଜଗନ୍ନାଥ 🙏
🌸 ଓଡ଼ିଆ ପଞ୍ଜିକା | 4 ମଇ 2026
📅 ଚୈତ୍ର କୃଷ୍ଣ ତୃତୀୟା
⭐ ଅନୁରାଧା | ସୋମବାର | ପରିଘ ଯୋଗ
🌅 ସୂର୍ଯ୍ୟୋଦୟ 05:16 | 🌇 ଅସ୍ତ 18:11
⏰ ରାହୁ କାଳ: 06:52–08:29
✨ ଅଭିଜିତ: 11:17–12:09
#OdiaPanjika #Jagannath #Odisha
[205 chars]

── THREAD REPLY ──
🛕 Shiva temples in Puri are especially active. Lingaraj is worshipped.
[70 chars]

============================================================
📅 Generated: 2026-05-04 16:28 IST
Date: 2026-05-04
Festivals: none

── MAIN TWEET ──
🙏 ଜୟ ଜଗନ୍ନାଥ 🙏
🌸 ଓଡ଼ିଆ ପଞ୍ଜିକା | 4 ମଇ 2026
📅 ଚୈତ୍ର କୃଷ୍ଣ ତୃତୀୟା
⭐ ଅନୁରାଧା | ସୋମବାର | ପରିଘ ଯୋଗ
🌅 ସୂର୍ଯ୍ୟୋଦୟ 05:16 | 🌇 ଅସ୍ତ 18:11
⏰ ରାହୁ କାଳ: 06:52–08:29
✨ ଅଭିଜିତ: 11:17–12:09
#OdiaPanjika #Jagannath #Odisha
[205 chars]

── THREAD REPLY ──
🛕 Shiva temples in Puri are especially active. Lingaraj is worshipped.
[70 chars]

============================================================
📅 Generated: 2026-05-09 18:09 IST
Date: 2026-05-09
Festivals: none

── MAIN TWEET ──
🙏 ଜୟ ଜଗନ୍ନାଥ 🙏
🌸 ଓଡ଼ିଆ ପଞ୍ଜିକା | 9 ମଇ 2026
📅 ଚୈତ୍ର କୃଷ୍ଣ ସପ୍ତମୀ
⭐ ଶ୍ରବଣ | ଶନିବାର | ଶୁକ୍ଳ ଯୋଗ
🌅 ସୂର୍ଯ୍ୟୋଦୟ 05:13 | 🌇 ଅସ୍ତ 18:13
⏰ ରାହୁ କାଳ: 08:28–10:05
✨ ଅଭିଜିତ: 11:17–12:09
#OdiaPanjika #Jagannath #Odisha
[204 chars]

── THREAD REPLY ──
🛕 Shani Deva puja. Saturdays in Odisha: Hanuman Chalisa recitation for Shani protection.
[88 chars]
